2025-09-19 19:53:59,365 - mc_translator - ERROR - main.py:241 - 翻译过程中发生错误: 500: 翻译失败: name 'logger' is not defined
Traceback (most recent call last):
  File "d:\PyCharm\py_project\llm\mc_translator\translator.py", line 63, in translate_json
    logger.info(f"找到{len(ref_examples)}条相关数据")
NameError: name 'logger' is not defined

During handling of the above exception, another exception occurred:

Traceback (most recent call last):
  File "d:\PyCharm\py_project\llm\mc_translator\main.py", line 211, in translate_file
    translated_data = translator.translate_json(
  File "d:\PyCharm\py_project\llm\mc_translator\translator.py", line 77, in translate_json
    raise HTTPException(status_code=500, detail=f"翻译失败: {error}")
fastapi.exceptions.HTTPException: 500: 翻译失败: name 'logger' is not defined
